
> bereskos@1.0.0 start
> node --env-file=.env src/server.js

[WA] Menginisialisasi Bot WhatsApp...
Worker penagihan aktif, menunggu antrean H-3...
API jalan di port 3000

=============================================
[WA] SCAN QR CODE INI MENGGUNAKAN WHATSAPP ANDA:
=============================================

▄▄▄▄▄▄▄▄▄▄▄▄▄▄▄▄▄▄▄▄▄▄▄▄▄▄▄▄▄▄▄▄▄▄▄▄▄▄▄▄▄▄▄▄▄▄▄▄▄▄▄▄▄▄▄▄▄▄▄
█ ▄▄▄▄▄ █▀▀▄▀▄█▀▀▀▀▀ █ ▄   █▀█▀▄ ▄██▀ ▄▀▀█ ▄█▄▄▄ ██ ▄▄▄▄▄ █
█ █   █ █▀  ▀█▀███▀ █▄██▀▀▀█▄█ ▄▀▄█▄▀ ▀ ▄▄▀ ▄▄ ▄ ██ █   █ █
█ █▄▄▄█ █▀ ▀██▀█▄██ ▄   ▀ █ ▄▄▄ ▀█▄▀█ ▄█▄▄▀▄▀▄▀▀▄██ █▄▄▄█ █
█▄▄▄▄▄▄▄█▄█ █▄▀▄▀▄▀▄▀ █▄█ █ █▄█ ▀▄█ ▀▄▀▄▀ █ ▀▄█ ▀▄█▄▄▄▄▄▄▄█
█▄▄▄▄▄█▄▄ ▀ ▀ ▄██▄▄▄ ██▀   ▄ ▄▄ ▀█▀█▀ ▀▄▀█▄ ▄▀▀█▄▀ █ ▀▄▀ ██
██▀▀█ ▀▄▀▀█▄▀ ▄ █ ▀ ▀▀▀ █▄ ▄█▄ ███  ▄  ▀ ▀ ▀ ██▄▄  █▀█▀▀ ▀█
█▀█▄▀▄█▄▄▀▀▀ █▄▄██▀ ▀▄▀▄ ▀ ▄▀█▀█▄███   ███   ▀▄▄▄▀█▄█▀█▄ ▀█
█ ▄▄ ▀█▄ ▄▀██▄  ▀ ▄█ ▀██▀▀▀▄ ▄█▄  ▀██▄▀  ▀▄ ▀█ ▀█▀ ▄▄▀▀  ██
█▄▄█▄█▄▄█ ▀█▄█ ▀▄▄▄▄ ▄█▀  ▀█▀  ▀ ▀▀█▄  ██▀▀  █ █▀▀████▄▄▀▀█
█▄  █▄ ▄▀█▀ █▀▀█▀▀▀█ ▀▄▄█▄▀█▀ ▀ ▀▀▀▄  █ █▀█▀███ █▄▀▄ ▀█▀▄██
█▀█▄ █ ▄▄▄█▀▄█▀█▄▀▄ ▄█▀▀▀▄▀▀███ ▀▀▄█   ▄█▀▀  ▀▄█▄▀▀█▀▀ ▀▀▀█
█▀ ▄ ▀▀▄█▄▀ ██ ▄▄ █▀▄█▀█▀█▀  █▄▀▄▄█   █▄███▄▀ ▄▄  █ ▀ ▄▀▀▀█
█ ▄██▄█▄▄ █▀█▄▀▄ ▄ ▄█▄▀▀▀ ████▄▀▄  █  ▀███▀ ▀▀█▄▄▀▀█▀▀█▀  █
█▄ ▀▀ ▄▄▄ ▀▀▀█▀ ▀▄▄█ ▀▄██▄▀ ▄▄▄ ▄ ▀ ▀ ▀▀▄ █▄▀▀██▄ ▄▄▄ ▀ ▄██
██▀▄  █▄█ █████▀ ▄▄▀▀█▄█▀ ▀ █▄█ ▄█▄█ ▄ ▄█▀▀▀▄▀▄█▀ █▄█ ▄ ▀▄█
█▀▄▄█  ▄▄▄▄▄█ ▄▄█▄█▄▄▄█▀▀ ▄ ▄  ▄██▄  ▄ █▄▀ ▄▀ ▀▄▀▄▄▄▄ ▀▀▄▀█
█ ▄█▀█ ▄  ▄  █▀███▀▄▀█▄▀ ▀▄█▀▄▀ ▄▀▀█   ▄▄▀  ▄▀▄▄█▀ ▀███▄▀▄█
█▄▄ ▄  ▄█▄█▄██▄█▀   █▀█▄▄▄ ▀█ ▀ █▀    ▀▀▄████▀█▄ ▄ ▀█ ▀  ██
█▀ █▀█ ▄██▀█▄▀██▀█▄ ▀▀▀▀▄ ▄ ▀█▀██▀▄█  ██▀▀▄ ██▀█▀▄▀ ▄█▀██▀█
█▄▀█▀██▄ █▀ █▄ █▀██ ▀ █▄▄ ▄▀▀█ ▄▀█ █ ▀▄ ▀▄▄█ ▀█▄██ ▀▄▄ ▀▄▄█
█▀▀▄█▄▀▄▀ █  ▀▀ ▀▄▄ ▄▄▀▀▀ █▀▄▄█▀▀█▀█▄▄▀▄█▀ ▀▀▀▄██▄ ▄▄█▄ ▀▀█
█ ▄█  █▄██▀ ▄▀▄██▄▀ ▀█▀ █ █▀▄█▀▄▀▀▄▀▄ █▄█▀█    ▄██ █▀▀  ▄██
█▀ ▄▄█▀▄ ▀██ ▀█▄▄▄▀ ▀▄▀▄▀ █ ▄█▄▄▄███  ▀▄██ ▀▄▀▄█▀   ▄▄█▀▄██
█ ▀ ▀▀▄▄█ ▄▀▄▀▄█▄▄ ▄▄█ █ ▀█  ▀▄▄▀▀▄▀██▄██▀█  ███ █▄█▀▀ ▀ ██
███████▄▄▀▀▄██ █ ▄▀▄▄▄██ ▀▀ ▄▄▄ ▀█▄█ ▄▀▄▀▀   ▀█▄█ ▄▄▄   █▄█
█ ▄▄▄▄▄ █▄▄▀ ▄ ▀▄▄▀██▄▀▀▄▀▄ █▄█ █▄▄▀▄▄▀█ █▀▀██▀ █ █▄█   ▄▀█
█ █   █ █  ▀ █ ▄▄▀  ▄██▀▀▄▄  ▄ ▄ ▀▄█   ▄█▀▀▀▄▀███▄ ▄  ▄▀█▄█
█ █▄▄▄█ █ █▀█ ▄▄▄ █▄▄█▄ ▀█▄█▀█▀█▄██▀▀█▀▀▄▄▄▄█ ▀    █▄█ ▀███
█▄▄▄▄▄▄▄█▄▄▄█▄██▄█▄▄▄▄▄█▄█▄████▄▄▄▄▄▄▄█▄██▄███▄▄███████▄▄██


=============================================
[WA] SCAN QR CODE INI MENGGUNAKAN WHATSAPP ANDA:
=============================================

▄▄▄▄▄▄▄▄▄▄▄▄▄▄▄▄▄▄▄▄▄▄▄▄▄▄▄▄▄▄▄▄▄▄▄▄▄▄▄▄▄▄▄▄▄▄▄▄▄▄▄▄▄▄▄▄▄▄▄
█ ▄▄▄▄▄ █▄█▄█ ▄▄▄▀██ ▀█▄▄▄ ▀███   ▀▀█▄▄▀▀▀█ ▀▀ ▄ ██ ▄▄▄▄▄ █
█ █   █ █ ▀▀▀  ██▄▀▀█▄▄▄ ▀ ██▄ █▀▄▄█ ▀  █▄▀▀ █▀▄ ██ █   █ █
█ █▄▄▄█ █▄▀█  █▄▀▀▄█ ▀█▄ █▀ ▄▄▄ ▄▄▀█ █ ▄▄▄ ▀██▄▀▄██ █▄▄▄█ █
█▄▄▄▄▄▄▄█▄▀▄█▄▀ █▄█ ▀▄▀▄▀▄█ █▄█ ▀ ▀ █ ▀ █ ▀▄▀ ▀ █ █▄▄▄▄▄▄▄█
█▄▄▄▄▀▀▄▀▄ ██▀██▄█▄█▀█▄  ▀▀▄ ▄▄  █ ▄▀▀ ▄ ▄▄▀█▀ ▄▀  █▀▄▄ ▀▄█
█ █  █ ▄ ▄▀▄▄  ▀ ▄ ██ ▄▄▄▀██  ▀ ▀▄█▄██▄ ███ ▄▄▄ █▀███▄ ▄▄ █
███ █▄▀▄█▄▀▄▄▀▄ ▀██▄▀ █▄▄█ ▀▀▀█▀▄▀ ▄▄▄▀▀▀█▄█ ████▄█ ███▄ ██
█ ▄▀█ █▄▀█ ▄██▀  ▀▀ ▀▀▀▀▀  ▄▀▄██▀ █▄▀▀▄█▀▄▀ ▄▀▄▀▄▄▀▄▄   ▀██
███▄ ▀█▄▀▀▄▀█ ▄ ▀ ▀██▄▀█ ██▄▄▄▀█▄ ▄ ▀███ █ ▄▄▄▀  ▄▀▄ ▀▄ █▄█
█ ▀▄▀ ▄▄▀▀█ ▀█▀▀▀▄█▀██ ▄▄▀▀▀█ █▄█▀█▄█▀▄▄▄ ▀█▀▀▀ ▀ █▄▄▀▀█▄▀█
█▄▀▄▀▄▀▄█▄▄ █▀ ██ ▄▀██  ▀█ ▀▄▄█▀█▀█▄ ▀▀▄  ▀▀▀▀█▄▄  █    ▀▀█
█▄▄██ ▀▄██ █  ▄▀▀▄▄▄ ▄▄▀  █▀█▀█▄ ▄ ▄ █▀█▀▀▄▀█ ▀ ▀█ █  █▄█ █
█▄▄▀▀ ▀▄█ ▄ ███ ▄▄▄ █ █▀█▄▀▀▀█ █▄▄▄█▄▄▀▀▀██▄▀█▀▄▄▄█ ▀█▀█ ▄█
██▀▀  ▄▄▄  ███▀▄ █▄▄▀▀█▄██▄ ▄▄▄ █  █▀▀ ▀█▀▀▀ ▀ ▄▀ ▄▄▄ ▀▀███
█ █ █ █▄█  ▀▄ ▀▄█ █▄█▄▀▀ ██ █▄█  ▄▀ ▀▀█▄ █ ▄      █▄█ █ ███
█▄█ ▄ ▄▄▄▄ ▄▀▄▄ ▀▄▀█▄ ▀██▄▄   ▄ █▀▀▀  ▀▀▄▀▀██ ▄ █▄▄▄▄ ▄▄▄██
█▀▄ ▄▄ ▄█ █▀ ▄ █ ███ ▄  ▀▀██▄▄▀▀█▀ ▄▄█▀██▄ ▀█▀████▀▀███▄▄ █
█▀▄▀▀▄▀▄▀▀  ▄  ▄██▀█    █▀▄ ▄▄ ██▄█▄█▀█▀ ▄▄ ▀▀▀  ▀▄ ██ █▄▄█
█▄█▀██▄▄█▀██ ██▀██ ▄▀██▀ ▄▄▄██▄▀ ▀ █▄▄█▀▀▀ ▄ ████ ▀▄ ██▀█▄█
██ █ ▄█▄▀█▀██ ▀▀ ▄█▀  ▄█▄▀█▀ ▄▄▀▀█▀▄ ▀█  █▄▄▀▀▄██▄▀▀██  █▄█
█▄██ █ ▄█▀ █▀█ ▄▄ ██ █▄█ █▀ ▀ ▄▄█▄▄▀█▀██ █▀▄█ ▀▀▄▀█ ▀▀█▀█ █
█▄▄▀▄█▄▄█▀█▄▄  █▀▄█▄▀▀█ ▀▄██ ██ ▀█▄█ ▄▀▄▀▀▀  ▄▄ █ ▄▀█▀█▄▄▀█
█ ▀▄█▀▄▄▀█    ▀ ██▀▀ ▄ █▀▀███▄▄███▄▄ ▀▀█▄▄  █▀▄▄▀ ▀ ▄▄ ▀███
█ ▀ ▀▀▄▄ █▀██▄ ▄▀ ▀  ▄▀ ▀▄  ███▀█ ▀█ ▄▄█▄█  ▄ █▀ ▄▄▄  █▄▄▄█
███████▄▄ █▄▀▀ ▀█▄ ▄▀▀█▀▄▄▀ ▄▄▄ ▀▀ █▄▄▀ ▀█▄▄ ▀ ▄█ ▄▄▄ ▄█▀ █
█ ▄▄▄▄▄ ███  █▀▀▀▀▀▄    █ █ █▄█  ▄█ ▄█ ▄▀█   ▀▀ ▀ █▄█  ▀█▀█
█ █   █ █▀██▀ ▄█▀█▀█ ▄ █ ▀  ▄▄  ▄▄▀▀██▄█▄█ ▄   ▀█ ▄▄ ▄█▄ ▄█
█ █▄▄▄█ █ ██▀██▀  ▀ ▄▀  █▀▄▀█▀█▀█ ▀▀█ ▀█ █  ▄██ ▄▄ ▀█▀▄██▀█
█▄▄▄▄▄▄▄█▄▄▄█▄▄██▄▄██▄█▄▄▄██▄████▄██▄█▄▄▄▄▄▄▄████▄▄████████


=============================================
[WA] SCAN QR CODE INI MENGGUNAKAN WHATSAPP ANDA:
=============================================

▄▄▄▄▄▄▄▄▄▄▄▄▄▄▄▄▄▄▄▄▄▄▄▄▄▄▄▄▄▄▄▄▄▄▄▄▄▄▄▄▄▄▄▄▄▄▄▄▄▄▄▄▄▄▄▄▄▄▄
█ ▄▄▄▄▄ █▀▀▄▀▄█▀▀█▀▀ ▀ █▄▄ █▀█▀▄ ▄▀█▀  ▀    ▄ ▄▄ ██ ▄▄▄▄▄ █
█ █   █ █▀  ██▀██▄▀ ▄███▀ ▀█▄█ ▄▄▄█▄ ▀▀ ▀▄▀ ▀█ ▄ ██ █   █ █
█ █▄▄▄█ █▀ █  ▀█▄██ ▄   ▀ █ ▄▄▄ ▄█▄▀█▄▄█▀ ▀▄█▀▀▀▄██ █▄▄▄█ █
█▄▄▄▄▄▄▄█▄█▄█▄▀▄▀▄▀▄▀ █▄█ █ █▄█ ▀▄█ ▀▄▀▄▀ █ ▀▄█ ▀▄█▄▄▄▄▄▄▄█
█▄▄▄▄▄█▄  ▄█▄ ▄██▄▄▄ ██▀  ▄  ▄▄ ▀█▀█▀ ▀▄▀█▄ ▄▀▀█   █ ▀▄▀ ██
██▀▀█ ▀▄▄▀█▄▀ ▄ █ ▀ ▀▀▀ █▄▄██▄ ███ ▄▄ ▄▀ ▀▄█ █▀ ▄▄ █▄ ▀▀ ▀█
█▀█▄▀▄█▄ ▀▄▄ █▄▄██▀ ▀▄▀▄ ▀ ▄▀█▀█▄███   ███▄  ▀▄▄  █▄▄▀▀▄ ▀█
██▀█ ▀█▄▀█▀██▄  ▀  █ ▀ ▀▀▀▀▄ ▄█   ▀█▀▄ █ ▀ ▀█▀▀▀██ ▄▄  ▀ ██
█ ▄███▄▄█ ▀█▄█ ▀▄█▀▄ ▄▀▀▄▀▀█▀ ▀  ▀▀██▄▀█▀▀  ████▀▀████▄▄█▀█
█▀▄█   ▄▀█▀ █▀▀██ ▀███▄▄▀█▀█▀ ▀▀▀▀▀▄███ ▀█▄▀▀▄█ █▄▀▄ ▀█▀▀▀█
██▄▄ ▀▄▄▄▄█▀▄▄▀█▄▀▄ ▄█▀▀▀▄▀▀███ ██▄█ ▄ ▄▀█▀ ▄▀▄█▄▀▄█▀▀ ▀▀ █
█▀ ▄ ▄▄▄█▄▄██ █▀▄ █▀▄█▀█▀█▀  █▄▀███ ▀ █▄▄▄█▄▀ ▄▄   ▄█▄▄▀▀▀█
█ ▄██▄▀▄▀▀█▄  ▀█ ▄ ▄█▄▀▀▀ █▀██▄▀▄  █  ▀███▀ ▀▀█▄ ▀ █▀▀█▀  █
█▄ ▀▀ ▄▄▄ ▄ █▀ █▀▄▄█ ▀▄██▄▀ ▄▄▄ ▄ █▄▀ ▀█▄ ▀ ▀▀▀▀▀ ▄▄▄ ▀ ▄██
██▀▄▀ █▄█ ████▀▀ ▄▄▀▀█▄█▀ ▀ █▄█ ▄██▄ ▄███▀█▀▄▀▄▄▄ █▄█ █ ▀▄█
█▄▀ ▀ ▄▄ ▄▄▄█ ▄▄█▄▀▀▄▄▄ ▀ █▄▄  ▄███   ▄  █▄▀▀ ██▀▄▄▄ ▄▀▀▄▀█
█▀ ▄▀█ ▄██▄  █▀█▄▄▄  ▄▀█▀▀▄██▄▀ ▄▀▀█   ▄▀▀ ▀ ▀█▄█  ▀▄▄█▄█ █
█ █▄   ▄ ▀█▄██▄█▄█   ██▄▀▄ ▀ ▀▀ ▀▀  ██▀  ▀▄▄▄▄▄▄▀▄ ▀█▄▀ ▄▀█
█▄██▀█ ▄██▀█▄███▀█▄ ▀▀▀▀▄ ▄ ▀█  ▀▀▄█  ███▀▄  █▀█▀▄▀ ▄█▀█▄ █
█▄▀█▀██▄ █ ▄▀▄▄▀▀██ ▀ █▄▄ ▄▀▀█▄▄ █ █  ▄  █▄█ ▀█▄██ ▀▄▄ ▀▄▄█
█▀▀▄█ ▄▄▀ ▀█▄▀█ ▀▄▄ ▄▄▀▀▀ █▀▄▄█▀▀█▀█▄▄▀▄█▀ ▀▀▀▄██▄▄█▄█ ▄▀▀█
█ ▄█ █▄▄███▀▀  ▀█▄▀ ▀█▀ █ █▀▄█▀▄▀▀▄█▄ ▀▄█▀▀    ▄▀█▀▀▀▀▀▀▄██
█▀ ▄ ▄█▄▀ ▄  ▀ █▄▄▀ ▀▄▀▄▀ ▄█▄█▄▄▄█▄█  ▀███▀▀▄▀█▄▀▀▀▀█▄  ▄██
█ ▀ ▀▀▄▄ ▀▄▀▄▀▄█▄▄▄▄▄█▄  ▀▄▄ ▀▄▄▀▀▄ ██▀ █▀█ ▄▀▀  █▄█  ▀  ██
███████▄▄ ▀▄██ ███   █▀▀▀ ▀ ▄▄▄ ▀█▄█ ▄▀█▀█▀ ▀███▀ ▄▄▄   █ █
█ ▄▄▄▄▄ █▄▄▀ ▄ ▀  ▀█ ▀▀▀▄▄▄ █▄█ ▀▄▄▀▀▄▀██▄▀▀ █  █ █▄█    ██
█ █   █ █  ▀▀▄ ▄▄▀  ▄██▀▀▄▄ ▄  ▄ ▀▄█ ▄ ▄▀▀▀▀ ████▄ ▄ ▄▄▀▄▄█
█ █▄▄▄█ █ ▀▀▀█ █▄ █▄▄█▄ ▀█▄███▀█▄██▀▀█▀▀█▄▄▄▄▀▀    █▀▀ ▀███
█▄▄▄▄▄▄▄█▄█▄████▄█▄▄▄▄▄█▄█▄████▄▄▄▄▄▄▄█▄██▄███▄▄███████▄▄██


=============================================
[WA] SCAN QR CODE INI MENGGUNAKAN WHATSAPP ANDA:
=============================================

▄▄▄▄▄▄▄▄▄▄▄▄▄▄▄▄▄▄▄▄▄▄▄▄▄▄▄▄▄▄▄▄▄▄▄▄▄▄▄▄▄▄▄▄▄▄▄▄▄▄▄▄▄▄▄▄▄▄▄
█ ▄▄▄▄▄ █▀▀▄▀▄█ ▄▀ ▀▄▀▀█   █▀█▀▄ ▄▀▀▄█▀▀▀█▄ █▀▄▄ ██ ▄▄▄▄▄ █
█ █   █ █▀  ██▀█▄▄▀ ▄███▀▀▀█▄█ ▄▀▄█▄  ▀ ▄█▀ ▀▄ ▄ ██ █   █ █
█ █▄▄▄█ █▀ ▀ ▄▀█▄██ ▄   ▀ █ ▄▄▄ ▀▄▄▀▄▄▄███▀▄▀█▀▀▄██ █▄▄▄█ █
█▄▄▄▄▄▄▄█▄▀▄█▄▀▄▀▄▀▄▀ █▄█ █ █▄█ ▀▄█ ▀▄▀▄▀ █ ▀▄█ ▀▄█▄▄▄▄▄▄▄█
█▄▄▄▄ █▄▄  ▄▄ ▄██▄▄▄ ██▀  ▄  ▄▄ ▀█▀█▀ ▀▄▀█▄ ▄▀▀█   █ █▄▀ ██
██▀▀█ ▀▄▄█ ▄▄▄▄ █ ▀ ▀▀▀ █▄▀█▀▄ ███ ▄▄  █ ▀▄▀ █▀▄▄█ ██ ▀▀ ▀█
█▀██▀▄█▄▄▀▀▀ █▄▄██▀ ▀▄▀▄ ▀▀███▀█▄██▄   ▄██▄  ▀▄▄ ▀█▄▀▀▀  ▀█
█▀█▀▄▀█▄ ▄▀██▄  ▀  ▄ ▀▀▀▀▀▀▄ ▄▀▄    █▄ █▄▀ ███▀▄██ ▄█▀▄  ██
█▄ █▄█▄▄█ ▀█▄█ ▀ ▄   █▀▀▀▀▀█▀  ▀ ▀▀▄█▄ ▄▄▀▀  █▄▄▀▀████▄████
█▄▄▄  ▄▄▀█▀ █▀▀█▀ ▀██ ▄▄ █▀█▀  ▀▀█▀▄▀█▄▀▀█▄▀▀▄▄▀█▄█  ▀█▀ ██
██ ▄ ▀█▄▄▄█▀▀█▀█▄▀▄ ▄█▀▀▀▄▀▀███ ▄▀▄█▄  ▄▀█▀  ▀▄█▄▀▀▄▀▀ ▀ ▀█
█▀ ▄ ▄█▄█ ▄ █  █▄ █▀▄█▀█▀█▀  █▄▀▄██ ▀ █▄▄▄█▄▀▀▄▄  █▄▀▄▄▀▀▀█
█ ▄████▄▀██▀█▀▄▀ ▄ ▄█▄▀▀▀ ▀███▄▀▄  █  ▀███▀ ▀▀█▄▀ ▀▄▀▀█▀  █
█▄ ▀▀ ▄▄▄ ▄█  ▄▄▀▄▄█ ▀▄██▄█ ▄▄▄ ▄ ▀ ▀ ██▄ █ ▀▀▀▀▀ ▄▄▄ █ ▄██
██▀█▀ █▄█ ▄ ██▄▀ ▄▄▀▀█▄█▀ ▀ █▄█ ▄██▄ ▄ ██▀ ▀▄▀▄█▀ █▄█ ▀▀▀▄█
█▀▄ ▀ ▄▄ ▄▄▄█ ▄▄█▄▀▄▄▄█▄▀ ▄▄▄  ▄███ ▄  ▄ ▀█ █  ▀ ▄  ▄ ▀ ▄▀█
█▄▄█▄█ ▄█▀▄  █▀█▄▄▀▄▀▄▀▀▀▀▄█▀▄▀ ▄▀▀█ ▄▀▄██▄▀▄█▄█▀▀ ▀█▄▄▄▀▄█
█ ▄█▄  ▄▄▀█▄██▄██    ██▄█  ▀▄▄▀ ▀▀   ▄▀ ▄▄▄█▀ ▄▄ ▄ ▀▀▀▀ ▄▀█
█  █▀█ ▄██▀█▄ ██▀█▄ ▀▀▀▀▄ ▄ ▀█▄▄▄█▄█▄ ███▀▄  █▀█▀▄▀ ▄█▀█▄▀█
█▄▀█▀██▄ █▄██▀ ▀▀██ ▀ █▄▄ ▄▀▀█▄  █ █ ▀▄  █▄█▀▀█▄██ ▀▄▄ ▀▄▄█
█▀▀▄█▀ ▄▀ █ █▀  ▀▄▄ ▄▄▀▀▀ █▀▄▄█▀▀█▀█▄▄▀▄█▀ ▀▀▀▄██▄ ▄▄█ ▄▀▀█
█ ▄█ ▀█▄██▀ ▀█  █▄▀ ▀█▀ █ █▀▄█▀▄▀▀ █▄ █ █▀█▄  ▄▄▀▄ ▀▀▀ ▀▄██
█▀   ▀ ▄ ▄█  ▀▀▄▄▄▀ ▀▄▀▄▀ █ ▄█▄▄▄█▄█  ████  ▄▀▄█▀ ██▄███▄██
█ ▀ ▀▀▄▄▀▄▄▀▄▀▄█▄▄▀▀▄██  ▀█▄ ▀▄▄▀▀▄ ▀█▄ █▀▄ ▄▀█▄▀ ▄█ ▀▀  ██
███████▄▄▀▀▄██ █▄█  ▀▄▀█▄▀▀ ▄▄▄ ▀█▄█▀ █▄▀▀▀  ▀███ ▄▄▄ ▀ ▀▄█
█ ▄▄▄▄▄ █▄▄▀ ▄ ▀▀▄▀█▄▀▀▀▀ ▄ █▄█ ▀ ▄▀█▄ ▄▀ ▀ ▀  ▀  █▄█    ▀█
█ █   █ █  ▀▄▀ ▄▄▀  ▄██▀▀▄▄ ▄▄ ▄ █▄█▄  ▄██▀▀▀████▄ ▄▄▄▄▀█▄█
█ █▄▄▄█ █ ▄ ▄  ▄▄ █▄▄█▄ ▀█▄█▀▀▀████▀▀▄▀▀▄█▄▄▄▀▀    ███ ▀███
█▄▄▄▄▄▄▄█▄█▄██▄█▄█▄▄▄▄▄█▄█▄██▄█▄▄▄▄▄▄▄█▄██▄███▄▄█████▄█▄▄██


=============================================
[WA] SCAN QR CODE INI MENGGUNAKAN WHATSAPP ANDA:
=============================================

▄▄▄▄▄▄▄▄▄▄▄▄▄▄▄▄▄▄▄▄▄▄▄▄▄▄▄▄▄▄▄▄▄▄▄▄▄▄▄▄▄▄▄▄▄▄▄▄▄▄▄▄▄▄▄▄▄▄▄
█ ▄▄▄▄▄ █▀▀▄▀▄█▀██ ▀▄█▀▄   █▀█▀▄ ▄▄▀ █▄▀▀█▄ █▄▄▄ ██ ▄▄▄▄▄ █
█ █   █ █▀  █▀▀███▀ █▄██ ▀▀█▄█ ▄▄▄█▄▀ ▀  ▄▀ ▄▄ ▄ ██ █   █ █
█ █▄▄▄█ █▀ █▀▀▀█▄██ ▄   ▀ █ ▄▄▄ ▀█▄▀██▄█▀█▀▄ ▀▀▀▄██ █▄▄▄█ █
█▄▄▄▄▄▄▄█▄▀ █ ▀▄▀▄▀▄▀ █▄█ █ █▄█ ▀▄█ ▀▄▀▄▀ █ ▀▄█ ▀▄█▄▄▄▄▄▄▄█
█▄▄▄▄ ▀▄▄▄▄▄▀█▄██▄▄▄ ██▀  ▄▄ ▄▄ ▀█▀█▀ ▀▄▀█▄ ▄▀▀█▀▀▄█ ▀▄▀ ██
██▀▀█  ▄█▄▀▀▀ ▄ █ ▀ ▀▀▀ █▄ ██  ███ ▄▄  ▀ ▀▄█ █▀▄█▄ ▄▄▄▀▀ ▀█
█▀██▀▄█▄ ▀▄  █▄▄██▀ ▀▄▀▄ ▀ █ ▀▀█▄██▄   ▄██▀  ▀▄▄  █▄███  ▀█
█▄█▀█▀█▄▀█▀██▄  ▀ █▄ ▀▀▀▀▀▀▄▀██   ▄▄█ ▀▀ ▀▀▀█▀ ██  ▄▄▀▀▀ ██
█▀ ▀ █▄▄█ ▀█▄█ ▀█▄▀▄ ▄█▀▀▀▀█▀  ▀ ▀ █▄▄ ▄▀▀▀ ▄█▄▄▀▀█████▄███
█  ██  ▄▀█▀ █▀▀██▄▀█▄▀▄▄  ▀█▀ ▀▀██▀▄▄▀▄  ▀▄ █▄█ █▄▀▄ ▀█▀▄▀█
█▀▀▄ █▄▄▄▄█▀▄▀▀█▄▀▄ ▄█▀▀▀▄▀▀███  █▄█   ▄▀▀▀  █▄█▄▀▀▄▀▀ ▀▀▀█
█▀ ▄ ▄▄▄█    ▄  ▄ █▀▄█▀█▀█▀  █▄▀███   █▄▄▄█▄▀ ▄▄  ███▄▄▀▀▀█
█ ▄███ ▄█▀▀ ▀█   ▄ ▄█▄▀▀▀ ▀███▄▀▄  █  ▀███▀ ▀▀█▄▀▀ ▄▀▀█▀  █
█▄ ▀▀ ▄▄▄ ██▄█ ▀▀▄▄█ ▀▄██▄▀ ▄▄▄ ▄ █▄▀ ▀█▄ █ ▀▀█▀▄ ▄▄▄ █ ▄██
██▀   █▄█  ▄███▀ ▄▄▀▀█▄█▀ █ █▄█ ▄███ ▄ ██▀ ▀▄▀█▄▀ █▄█ ▄█▀▄█
█▄██▀ ▄▄ ▄▄▄█ ▄▄█▄▀▄▄▄ ▄▀ ▄▄▄  ▄██▄ ▄▄▀█▄▀  ▀ ▄▄ ▄▄▄ ▄  ▄▀█
█▀▄▀▄█ ▄██▄  █▀███   ██▀  ▄██▄▀ ▄▀▀█  ▀█ ▀▀  ████▀ ▀█▄█▄█▄█
█▀▀█▄  ▄ ▀█▄██▄█▀█   ██▄▀▀ ▀▀▄▀ ▀█  ▀█ ▀▄██▄▀ ▄▄▀▄ ▀▄▄▀ ▄▀█
█▄██▀█ ▄██▀██ ██▀█▄ ▀▀▀▀▄ ▄ ▀█ █ ▀▄█▀▄███▀▄ ██▀█▀▄▀ ▄█▀██▀█
█▄▀█▀██▄ ██▀▀▀▄▀▀██ ▀ █▄▄ ▄▀▀██▄▀█ █ ▀▄  ▄▄█ ▀█▄██ ▀▄▄ ▀▄▄█
█▀▀▄██ ▄▀ ▀█▄▀█ ▀▄▄ ▄▄▀▀▀ █▀▄▄█▀▀█▀█▄▄▀▄█▀ ▀▀▀▄██▄ ▄▄█▄ ▀▀█
█ ▄█  █▄██▄▀█▀ ██▄▀ ▀█▀ █ ▀▀▄█▀▄▀▀▄█▄ █▄█▀█    ▄██ ▀▀▀▄ ▄██
█▀ ▀ ▀█▄▄▄▀█ ▀ ▀▄▄▀ ▀▄▀▄▀ ▄ ▄█▄▄▄███   ███▀▀▄▀▄▄▀ ▄ ██▀▀▄██
█ ▀ ▀▀▄▄▄ ▄▀▄▀▄█▄▄▀ ▄█   ▀▄  ▀▄▄▀▀▄ ▀▀█ █▀██ ▀ █▀█▄█▀█▄  ██
███████▄▄ ▀▄██ █▄█▄▄▄▄█▀▀▀▀ ▄▄▄ ▀█▄█▄▄ █▄▀▀ ▄▀▄▄█ ▄▄▄  ▀█▄█
█ ▄▄▄▄▄ █▄▄▀ ▄ ▀▀█▀█ ▄▀▀ ▀▄ █▄█ ▀ ▄▀▄█▀█ ▀▀▀ █▀   █▄█   ▄▀█
█ █   █ █  ▀ █ ▄▄▀  ▄██▀▀▄▄ ▄  ▄▀▀▄█▄▄ ▄▀▀▀▀▄▀███▄ ▄▄▄▄▀███
█ █▄▄▄█ █ ▀ ▄▄▀█▄ █▄▄█▄ ▀█▄█▄▀▀████▀ █▀▀██▄▄█▀▀    ██▀ ▀███
█▄▄▄▄▄▄▄█▄█▄█▄█▄▄█▄▄▄▄▄█▄█▄██▄█▄▄▄▄▄▄▄█▄██▄███▄▄█████▄█▄▄██


=============================================
[WA] SCAN QR CODE INI MENGGUNAKAN WHATSAPP ANDA:
=============================================

▄▄▄▄▄▄▄▄▄▄▄▄▄▄▄▄▄▄▄▄▄▄▄▄▄▄▄▄▄▄▄▄▄▄▄▄▄▄▄▄▄▄▄▄▄▄▄▄▄▄▄▄▄▄▄▄▄▄▄
█ ▄▄▄▄▄ █▀▀▄▀▄▄▀█▀ ▀█▀▀▄▀▄ █▀█▀▄ ▄█▀▄  ▀▄ ▄ ▄▀▄▄ ██ ▄▄▄▄▄ █
█ █   █ █▀  ██▀███▀ █▄██▀ ▀█▄█ ▄▀██▄▀▀▀ ▀▄▀ ▄▄ ▄ ██ █   █ █
█ █▄▄▄█ █▀▄▀ ▀▀█▄██ ▄   ▀ █ ▄▄▄  ▀▄▀█ ▄█▀█▀▄█▄▀▀▄██ █▄▄▄█ █
█▄▄▄▄▄▄▄█▄▀▄█ ▀▄▀▄▀▄▀ █▄█ █ █▄█ ▀▄█ ▀▄▀▄▀ █ ▀▄█ ▀▄█▄▄▄▄▄▄▄█
█▄▄▄▄ █▄ ▄▄▄▄ ▄██▄▄▄ ██▀  ▄  ▄▄ ▀█▀█▀ ▀▄▀█▄ ▄▀▀██▀ █▄█▄▀ ██
██▀▀█ ▀▄ ▄ █▀ ▄ █ ▀ ▀▀▀ █▄▀██▄ ███ ▄▄ ▄▀ ▀▄█ ██▄▀ ▀▄▄▀▀▀ ▀█
█▀█▀▄▄█▄▀█▄▄ █▄▄██▀ ▀▄▀▄ ▀▀█▀█▀█▄███  ▀████  ▀▄█  █▄▀▀▀  ▀█
█▄█ ▀▀█▄▀▄▀██▄  ▀ ▀  ▀██▀▀▀▄ ▄▀▄   ▄▀  ▄ █▄▀▀██▀   ▄▄▀ ▀ ██
██ ▀██▄▄█ ▀█▄█ ▀▀▄▄  █▀█ ▀▀█▀  ▀ ▀▀▄▄▄▀█▀▀ ▀▄▀█▄▀▀████▄▄█▀█
██▀▀▄▄ ▄▀█▀ █▀▀███▀███▄▄▄ ▀█▀ ▀▀██▀▄▀▀▄ █▄█ █▀▄▀█▄█  ▀█▀ ██
█▀ ▄  ▄▄▄▄█▀█▀▀█▄▀▄ ▄█▀▀▀▄▀▀███ ▄▀▄█ ▄ ▄▀█▀  ▀▄█▄▀▄█▀▀ ▀▀▀█
█▀ ▄ ▀█▄▀ ▄█▀ ▀▄▄ █▀▄█▀█▀█▀  █▄▀███ ▀▀█▄▄██▄▀▀▄▄    █▄▄▀▀▀█
█ ▄██  ▄▀▀█ ▀ ▀▄ ▄ ▄█▄▀▀▀ ▀▀██▄▀▄  █  ▀███▀ ▀▀█▄ ▀▀▄█▀█▀  █
█▄ ▀▀ ▄▄▄  ███▀▄▀▄▄█ ▀▄██▄▀ ▄▄▄ ▄ ▀ ▀ ▀█▄ █▄▀▀▀▀▄ ▄▄▄ ▀ ▄██
██▀▀  █▄█ ▄█████ ▄▄▀▀█▄█▀ ▀ █▄█ ▄█▄▄ ▄▀▄█▀  ▄▀██▄ █▄█ ██▀▄█
█▀▀ ▄▄▄▄▄ ▄▄█ ▄▄█▄ ▀▄▄█▀▀ ▄ ▄  ▄███▀  ▄█ █▄█▀ ▄▀ ▄   ▄▀ ▄▀█
███▄▄█ ▄ ▄▄  █▀█▄█▄▄ ███▀▀▄█▄█▀ ▄▀▀█▄ ▀▄██▀▀▀▀▄██▀ ▀▄█▄██▄█
█▄▄▀█  ▄▀▄█▄██▄█ ▀   ██▄▄  ▀▀▀▀ ▀▀  ██  █ █▄█▄▄▄ ▄ ▀ ▄▀ ▄▀█
█▄ █▀█ ▄██▀█▀ ██▀█▄ ▀▀▀▀▄ ▄ ▀██▄██▄█▄▄██▀▀▄  █▀█▀▄▀ ▄█▀██▀█
█▄▀█▀██▄ █▀█ ▀▀█▀██ ▀ █▄▄ ▄▀▀█▄ ▀█ █▀▀▄  █▄█ ▀█▄██ ▀▄▄ ▀▄▄█
█▀▀▄█▀▀▄▀ ▀ ██ █▀▄▄ ▄▄▀▀▀ █▀▄▄█▀▀█▀█▄▄▀▄█▀ ▀▀▀▄██▄ █▄█▄▄▀▀█
█ ▄█ █▄▄███▀▀██▄█▄▀ ▀█▀ █ █▀▄█▀▄▀▀ █▄ ▀▄█▀█     ▀██▀▀▀  ▄██
█▀  ▀ █▄▀▄ █ ▀█ ▄▄▀ ▀▄▀▄▀ ██▄█▄▄▄█▄█   ███▀ ▄▀█▄▀ █▀███▀▄██
█ ▀ ▀▀▄▄ █▄▀▄▀▄█▄▄ ▀▄█ ▀ ▀█  ▀▄▄▀▀▄ ███▀▀▀▀ ▄▀ █▀█ ▀▀ ▄▀ ██
███████▄▄▀▀▄██ █▄█▀▄▀▄██▄▀▀ ▄▄▄ ▀█▄█ ▄█▄▀▀▀ █▀▄▄▀ ▄▄▄ ▀▀█ █
█ ▄▄▄▄▄ █▄▄▀ ▄ ▀▀▄▀█▄█▀▀  ▄ █▄█ ▀ ▄▀▄▄ ▄▀█ ▀▀▀▀ ▄ █▄█   ▄██
█ █   █ █  ▀█▄ ▄▄▀  ▄██▀▀▄▄  ▄ ▄▄█▄█▄▄ ▄█▀▀▀ ███▄▄ ▄  ▄▀███
█ █▄▄▄█ █ ███   ▄ █▄▄█▄ ▀█▄██▀▀██▄█▀▀█▀▀█▄▄▄█▀▀    █▀▀ ▀███
█▄▄▄▄▄▄▄█▄▄▄▄▄█▄▄█▄▄▄▄▄█▄█▄█▄██▄▄▄▄▄▄▄█▄██▄███▄▄████▄▄█▄▄██

[WA] Client is ready! Bot WhatsApp berhasil terhubung.
[WA] Memproses pesan selamat datang untuk 6289531649707
[WA] ✔️ Pesan sukses terkirim ke 6289531649707
[WA] ✔️ Pesan sukses terkirim ke 6289531649707
